---
source: crates/oxc_linter/src/tester.rs
---
  ⚠ eslint-plugin-import(no-empty-named-blocks): Unexpected empty named import block.
   ╭─[no_empty_named_blocks.tsx:1:1]
 1 │ import {} from 'mod'
   · ────────────────────
   ╰────
  help: Delete this code.

  ⚠ eslint-plugin-import(no-empty-named-blocks): Unexpected empty named import block.
   ╭─[no_empty_named_blocks.tsx:1:1]
 1 │ import {} from 'mod'
   · ────────────────────
   ╰────

  ⚠ eslint-plugin-import(no-empty-named-blocks): Unexpected empty named import block.
   ╭─[no_empty_named_blocks.tsx:1:1]
 1 │ import Default, {} from 'mod'
   · ─────────────────────────────
   ╰────
  help: Delete this code.

  ⚠ eslint-plugin-import(no-empty-named-blocks): Unexpected empty named import block.
   ╭─[no_empty_named_blocks.tsx:1:1]
 1 │ import{}from'mod'
   · ─────────────────
   ╰────
  help: Delete this code.

  ⚠ eslint-plugin-import(no-empty-named-blocks): Unexpected empty named import block.
   ╭─[no_empty_named_blocks.tsx:1:1]
 1 │ import{}from'mod'
   · ─────────────────
   ╰────

  ⚠ eslint-plugin-import(no-empty-named-blocks): Unexpected empty named import block.
   ╭─[no_empty_named_blocks.tsx:1:1]
 1 │ import type {}from'mod'
   · ───────────────────────
   ╰────
  help: Delete this code.

  ⚠ eslint-plugin-import(no-empty-named-blocks): Unexpected empty named import block.
   ╭─[no_empty_named_blocks.tsx:1:1]
 1 │ import type {}from'mod'
   · ───────────────────────
   ╰────

  ⚠ eslint-plugin-import(no-empty-named-blocks): Unexpected empty named import block.
   ╭─[no_empty_named_blocks.tsx:1:1]
 1 │ import type {} from 'mod'
   · ─────────────────────────
   ╰────
  help: Delete this code.

  ⚠ eslint-plugin-import(no-empty-named-blocks): Unexpected empty named import block.
   ╭─[no_empty_named_blocks.tsx:1:1]
 1 │ import type {} from 'mod'
   · ─────────────────────────
   ╰────

  ⚠ eslint-plugin-import(no-empty-named-blocks): Unexpected empty named import block.
   ╭─[no_empty_named_blocks.tsx:1:1]
 1 │ import type{}from 'mod'
   · ───────────────────────
   ╰────
  help: Delete this code.

  ⚠ eslint-plugin-import(no-empty-named-blocks): Unexpected empty named import block.
   ╭─[no_empty_named_blocks.tsx:1:1]
 1 │ import type{}from 'mod'
   · ───────────────────────
   ╰────
